// Jest Snapshot v1, https://goo.gl/fbAQLP

exports[`SecureFrontendWebAppCloudFrontDistribution specific testing Should match snapshot. 1`] = `
{
  "Parameters": {
    "BootstrapVersion": {
      "Default": "/cdk-bootstrap/hnb659fds/version",
      "Description": "Version of the CDK Bootstrap resources in this environment, automatically retrieved from SSM Parameter Store. [cdk:skip]",
      "Type": "AWS::SSM::Parameter::Value<String>",
    },
  },
  "Resources": {
    "Certificate4E7ABB08": {
      "Properties": {
        "DomainName": "example.com",
        "DomainValidationOptions": [
          {
            "DomainName": "example.com",
            "ValidationDomain": "example.com",
          },
        ],
        "Tags": [
          {
            "Key": "Name",
            "Value": "TestingStack/Certificate",
          },
        ],
        "ValidationMethod": "EMAIL",
      },
      "Type": "AWS::CertificateManager::Certificate",
    },
    "LogBucketCC3B17E8": {
      "DeletionPolicy": "Retain",
      "Type": "AWS::S3::Bucket",
      "UpdateReplacePolicy": "Retain",
    },
    "OriginAccessControl": {
      "Properties": {
        "OriginAccessControlConfig": {
          "Description": "Access Control",
          "Name": "OriginAccessControlForContentsBucket",
          "OriginAccessControlOriginType": "s3",
          "SigningBehavior": "always",
          "SigningProtocol": "sigv4",
        },
      },
      "Type": "AWS::CloudFront::OriginAccessControl",
    },
    "OriginBucketCA772B8F": {
      "DeletionPolicy": "Retain",
      "Type": "AWS::S3::Bucket",
      "UpdateReplacePolicy": "Retain",
    },
    "OriginBucketPolicyFD67BA59": {
      "Properties": {
        "Bucket": {
          "Ref": "OriginBucketCA772B8F",
        },
        "PolicyDocument": {
          "Statement": [
            {
              "Action": "s3:GetObject",
              "Effect": "Allow",
              "Principal": {
                "CanonicalUser": {
                  "Fn::GetAtt": [
                    "SecureFrontendWebAppCloudFrontDistributionOrigin1S3Origin9D1A8EF3",
                    "S3CanonicalUserId",
                  ],
                },
              },
              "Resource": {
                "Fn::Join": [
                  "",
                  [
                    {
                      "Fn::GetAtt": [
                        "OriginBucketCA772B8F",
                        "Arn",
                      ],
                    },
                    "/*",
                  ],
                ],
              },
            },
          ],
          "Version": "2012-10-17",
        },
      },
      "Type": "AWS::S3::BucketPolicy",
    },
    "ResponseHeadersPolicy13DBF9E0": {
      "Properties": {
        "ResponseHeadersPolicyConfig": {
          "Comment": "A default policy",
          "CustomHeadersConfig": {
            "Items": [
              {
                "Header": "Cache-Control",
                "Override": true,
                "Value": "no-cache, no-store, private",
              },
              {
                "Header": "pragma",
                "Override": true,
                "Value": "no-cache",
              },
            ],
          },
          "Name": "TestingStackResponseHeadersPolicyA6DAC75B",
          "SecurityHeadersConfig": {
            "ContentTypeOptions": {
              "Override": true,
            },
            "FrameOptions": {
              "FrameOption": "SAMEORIGIN",
              "Override": true,
            },
            "ReferrerPolicy": {
              "Override": true,
              "ReferrerPolicy": "strict-origin-when-cross-origin",
            },
            "StrictTransportSecurity": {
              "AccessControlMaxAgeSec": 31536000,
              "IncludeSubdomains": true,
              "Override": true,
              "Preload": true,
            },
            "XSSProtection": {
              "ModeBlock": true,
              "Override": true,
              "Protection": true,
            },
          },
        },
      },
      "Type": "AWS::CloudFront::ResponseHeadersPolicy",
    },
    "SecureFrontendWebAppCloudFrontDistributionFBE118EA": {
      "Properties": {
        "DistributionConfig": {
          "Aliases": [
            "example.com",
          ],
          "Comment": "frontend web app distribution.",
          "CustomErrorResponses": [
            {
              "ErrorCachingMinTTL": 300,
              "ErrorCode": 403,
              "ResponseCode": 200,
              "ResponsePagePath": "/index.html",
            },
            {
              "ErrorCachingMinTTL": 300,
              "ErrorCode": 404,
              "ResponseCode": 200,
              "ResponsePagePath": "/index.html",
            },
          ],
          "DefaultCacheBehavior": {
            "AllowedMethods": [
              "GET",
              "HEAD",
              "OPTIONS",
            ],
            "CachePolicyId": "658327ea-f89d-4fab-a63d-7e88639e58f6",
            "CachedMethods": [
              "GET",
              "HEAD",
              "OPTIONS",
            ],
            "Compress": true,
            "ResponseHeadersPolicyId": {
              "Ref": "ResponseHeadersPolicy13DBF9E0",
            },
            "TargetOriginId": "TestingStackSecureFrontendWebAppCloudFrontDistributionOrigin11EBA8679",
            "ViewerProtocolPolicy": "https-only",
          },
          "DefaultRootObject": "index.html",
          "Enabled": true,
          "HttpVersion": "http2and3",
          "IPV6Enabled": true,
          "Logging": {
            "Bucket": {
              "Fn::GetAtt": [
                "LogBucketCC3B17E8",
                "RegionalDomainName",
              ],
            },
            "Prefix": "example.com/",
          },
          "Origins": [
            {
              "DomainName": {
                "Fn::GetAtt": [
                  "OriginBucketCA772B8F",
                  "RegionalDomainName",
                ],
              },
              "Id": "TestingStackSecureFrontendWebAppCloudFrontDistributionOrigin11EBA8679",
              "OriginAccessControlId": {
                "Fn::GetAtt": [
                  "OriginAccessControl",
                  "Id",
                ],
              },
              "S3OriginConfig": {
                "OriginAccessIdentity": "",
              },
            },
          ],
          "PriceClass": "PriceClass_All",
          "ViewerCertificate": {
            "AcmCertificateArn": {
              "Ref": "Certificate4E7ABB08",
            },
            "MinimumProtocolVersion": "TLSv1.2_2021",
            "SslSupportMethod": "sni-only",
          },
        },
      },
      "Type": "AWS::CloudFront::Distribution",
    },
    "SecureFrontendWebAppCloudFrontDistributionOrigin1S3Origin9D1A8EF3": {
      "Properties": {
        "CloudFrontOriginAccessIdentityConfig": {
          "Comment": "Identity for TestingStackSecureFrontendWebAppCloudFrontDistributionOrigin11EBA8679",
        },
      },
      "Type": "AWS::CloudFront::CloudFrontOriginAccessIdentity",
    },
  },
  "Rules": {
    "CheckBootstrapVersion": {
      "Assertions": [
        {
          "Assert": {
            "Fn::Not": [
              {
                "Fn::Contains": [
                  [
                    "1",
                    "2",
                    "3",
                    "4",
                    "5",
                  ],
                  {
                    "Ref": "BootstrapVersion",
                  },
                ],
              },
            ],
          },
          "AssertDescription": "CDK bootstrap stack version 6 required. Please run 'cdk bootstrap' with a recent version of the CDK CLI.",
        },
      ],
    },
  },
}
`;
