// Jest Snapshot v1, https://goo.gl/fbAQLP

exports[`SecureFrontendWebAppCloudFrontDistribution default testing Should match snapshot. 1`] = `
Object {
  "Parameters": Object {
    "BootstrapVersion": Object {
      "Default": "/cdk-bootstrap/hnb659fds/version",
      "Description": "Version of the CDK Bootstrap resources in this environment, automatically retrieved from SSM Parameter Store. [cdk:skip]",
      "Type": "AWS::SSM::Parameter::Value<String>",
    },
  },
  "Resources": Object {
    "Certificate4E7ABB08": Object {
      "Properties": Object {
        "DomainName": "example.com",
        "DomainValidationOptions": Array [
          Object {
            "DomainName": "example.com",
            "ValidationDomain": "example.com",
          },
        ],
        "ValidationMethod": "EMAIL",
      },
      "Type": "AWS::CertificateManager::Certificate",
    },
    "OriginAccessIdentityDF1E3CAC": Object {
      "Properties": Object {
        "CloudFrontOriginAccessIdentityConfig": Object {
          "Comment": "Allows CloudFront to reach the bucket",
        },
      },
      "Type": "AWS::CloudFront::CloudFrontOriginAccessIdentity",
    },
    "OriginBucketCA772B8F": Object {
      "DeletionPolicy": "Retain",
      "Type": "AWS::S3::Bucket",
      "UpdateReplacePolicy": "Retain",
    },
    "OriginBucketPolicyFD67BA59": Object {
      "Properties": Object {
        "Bucket": Object {
          "Ref": "OriginBucketCA772B8F",
        },
        "PolicyDocument": Object {
          "Statement": Array [
            Object {
              "Action": "s3:GetObject",
              "Effect": "Allow",
              "Principal": Object {
                "CanonicalUser": Object {
                  "Fn::GetAtt": Array [
                    "OriginAccessIdentityDF1E3CAC",
                    "S3CanonicalUserId",
                  ],
                },
              },
              "Resource": Object {
                "Fn::Join": Array [
                  "",
                  Array [
                    Object {
                      "Fn::GetAtt": Array [
                        "OriginBucketCA772B8F",
                        "Arn",
                      ],
                    },
                    "/*",
                  ],
                ],
              },
            },
          ],
          "Version": "2012-10-17",
        },
      },
      "Type": "AWS::S3::BucketPolicy",
    },
    "ResponseHeadersPolicy13DBF9E0": Object {
      "Properties": Object {
        "ResponseHeadersPolicyConfig": Object {
          "Comment": "A default policy",
          "CustomHeadersConfig": Object {
            "Items": Array [
              Object {
                "Header": "Cache-Control",
                "Override": true,
                "Value": "no-cache, no-store, private",
              },
              Object {
                "Header": "pragma",
                "Override": true,
                "Value": "no-cache",
              },
            ],
          },
          "Name": "TestingStackResponseHeadersPolicyA6DAC75B",
          "SecurityHeadersConfig": Object {
            "ContentTypeOptions": Object {
              "Override": true,
            },
            "FrameOptions": Object {
              "FrameOption": "SAMEORIGIN",
              "Override": true,
            },
            "ReferrerPolicy": Object {
              "Override": true,
              "ReferrerPolicy": "strict-origin-when-cross-origin",
            },
            "StrictTransportSecurity": Object {
              "AccessControlMaxAgeSec": 31536000,
              "IncludeSubdomains": true,
              "Override": true,
              "Preload": true,
            },
            "XSSProtection": Object {
              "ModeBlock": true,
              "Override": true,
              "Protection": true,
            },
          },
        },
      },
      "Type": "AWS::CloudFront::ResponseHeadersPolicy",
    },
    "SecureFrontendWebAppCloudFrontDistributionFBE118EA": Object {
      "Properties": Object {
        "DistributionConfig": Object {
          "Aliases": Array [
            "example.com",
          ],
          "CustomErrorResponses": Array [
            Object {
              "ErrorCachingMinTTL": 300,
              "ErrorCode": 403,
              "ResponseCode": 200,
              "ResponsePagePath": "/index.html",
            },
            Object {
              "ErrorCachingMinTTL": 300,
              "ErrorCode": 404,
              "ResponseCode": 200,
              "ResponsePagePath": "/index.html",
            },
          ],
          "DefaultCacheBehavior": Object {
            "AllowedMethods": Array [
              "GET",
              "HEAD",
              "OPTIONS",
            ],
            "CachePolicyId": "658327ea-f89d-4fab-a63d-7e88639e58f6",
            "CachedMethods": Array [
              "GET",
              "HEAD",
              "OPTIONS",
            ],
            "Compress": true,
            "ResponseHeadersPolicyId": Object {
              "Ref": "ResponseHeadersPolicy13DBF9E0",
            },
            "TargetOriginId": "TestingStackSecureFrontendWebAppCloudFrontDistributionOrigin11EBA8679",
            "ViewerProtocolPolicy": "https-only",
          },
          "DefaultRootObject": "index.html",
          "Enabled": true,
          "HttpVersion": "http2and3",
          "IPV6Enabled": true,
          "Origins": Array [
            Object {
              "DomainName": Object {
                "Fn::GetAtt": Array [
                  "OriginBucketCA772B8F",
                  "RegionalDomainName",
                ],
              },
              "Id": "TestingStackSecureFrontendWebAppCloudFrontDistributionOrigin11EBA8679",
              "S3OriginConfig": Object {
                "OriginAccessIdentity": Object {
                  "Fn::Join": Array [
                    "",
                    Array [
                      "origin-access-identity/cloudfront/",
                      Object {
                        "Ref": "OriginAccessIdentityDF1E3CAC",
                      },
                    ],
                  ],
                },
              },
            },
          ],
          "PriceClass": "PriceClass_All",
          "ViewerCertificate": Object {
            "AcmCertificateArn": Object {
              "Ref": "Certificate4E7ABB08",
            },
            "MinimumProtocolVersion": "TLSv1.2_2021",
            "SslSupportMethod": "sni-only",
          },
        },
      },
      "Type": "AWS::CloudFront::Distribution",
    },
  },
  "Rules": Object {
    "CheckBootstrapVersion": Object {
      "Assertions": Array [
        Object {
          "Assert": Object {
            "Fn::Not": Array [
              Object {
                "Fn::Contains": Array [
                  Array [
                    "1",
                    "2",
                    "3",
                    "4",
                    "5",
                  ],
                  Object {
                    "Ref": "BootstrapVersion",
                  },
                ],
              },
            ],
          },
          "AssertDescription": "CDK bootstrap stack version 6 required. Please run 'cdk bootstrap' with a recent version of the CDK CLI.",
        },
      ],
    },
  },
}
`;
